###############################################################################
#
# IAR ELF Linker V8.22.2.15995/W32 for ARM                12/Mar/2019  11:04:22
# Copyright 2007-2018 IAR Systems AB.
#
#    Output file  =  
#        D:\Project\Mentally retarded car\KV58 For mentally retarded car\KV58
#        For mentally retarded car\debug\gpio_example.out
#    Map file     =  
#        D:\Project\Mentally retarded car\KV58 For mentally retarded car\KV58
#        For mentally retarded car\debug\list\gpio_example.map
#    Command line =  
#        -f C:\Users\20386\AppData\Local\Temp\EW4BB2.tmp ("D:\Project\Mentally
#        retarded car\KV58 For mentally retarded car\KV58 For mentally retarded
#        car\debug\obj\APPmain.o" "D:\Project\Mentally retarded car\KV58 For
#        mentally retarded car\KV58 For mentally retarded
#        car\debug\obj\fsl_clock_manager.o" "D:\Project\Mentally retarded
#        car\KV58 For mentally retarded car\KV58 For mentally retarded
#        car\debug\obj\fsl_clock_manager_common.o" "D:\Project\Mentally
#        retarded car\KV58 For mentally retarded car\KV58 For mentally retarded
#        car\debug\obj\fsl_clock_MKV58F24.o" "D:\Project\Mentally retarded
#        car\KV58 For mentally retarded car\KV58 For mentally retarded
#        car\debug\obj\fsl_debug_console.o" "D:\Project\Mentally retarded
#        car\KV58 For mentally retarded car\KV58 For mentally retarded
#        car\debug\obj\fsl_dmamux_hal.o" "D:\Project\Mentally retarded car\KV58
#        For mentally retarded car\KV58 For mentally retarded
#        car\debug\obj\fsl_hsadc_common.o" "D:\Project\Mentally retarded
#        car\KV58 For mentally retarded car\KV58 For mentally retarded
#        car\debug\obj\fsl_hsadc_driver.o" "D:\Project\Mentally retarded
#        car\KV58 For mentally retarded car\KV58 For mentally retarded
#        car\debug\obj\fsl_hsadc_hal.o" "D:\Project\Mentally retarded car\KV58
#        For mentally retarded car\KV58 For mentally retarded
#        car\debug\obj\fsl_hwtimer.o" "D:\Project\Mentally retarded car\KV58
#        For mentally retarded car\KV58 For mentally retarded
#        car\debug\obj\fsl_hwtimer_pit.o" "D:\Project\Mentally retarded
#        car\KV58 For mentally retarded car\KV58 For mentally retarded
#        car\debug\obj\fsl_hwtimer_systick.o" "D:\Project\Mentally retarded
#        car\KV58 For mentally retarded car\KV58 For mentally retarded
#        car\debug\obj\fsl_hwtimer_systick_irq.o" "D:\Project\Mentally retarded
#        car\KV58 For mentally retarded car\KV58 For mentally retarded
#        car\debug\obj\fsl_interrupt_manager.o" "D:\Project\Mentally retarded
#        car\KV58 For mentally retarded car\KV58 For mentally retarded
#        car\debug\obj\fsl_interrupt_manager_common.o" "D:\Project\Mentally
#        retarded car\KV58 For mentally retarded car\KV58 For mentally retarded
#        car\debug\obj\fsl_interrupt_manager_irq.o" "D:\Project\Mentally
#        retarded car\KV58 For mentally retarded car\KV58 For mentally retarded
#        car\debug\obj\fsl_llwu_hal.o" "D:\Project\Mentally retarded car\KV58
#        For mentally retarded car\KV58 For mentally retarded
#        car\debug\obj\fsl_mcg_hal.o" "D:\Project\Mentally retarded car\KV58
#        For mentally retarded car\KV58 For mentally retarded
#        car\debug\obj\fsl_mcg_hal_modes.o" "D:\Project\Mentally retarded
#        car\KV58 For mentally retarded car\KV58 For mentally retarded
#        car\debug\obj\fsl_misc_utilities.o" "D:\Project\Mentally retarded
#        car\KV58 For mentally retarded car\KV58 For mentally retarded
#        car\debug\obj\fsl_mscm_hal.o" "D:\Project\Mentally retarded car\KV58
#        For mentally retarded car\KV58 For mentally retarded
#        car\debug\obj\fsl_osc_hal.o" "D:\Project\Mentally retarded car\KV58
#        For mentally retarded car\KV58 For mentally retarded
#        car\debug\obj\fsl_port_hal.o" "D:\Project\Mentally retarded car\KV58
#        For mentally retarded car\KV58 For mentally retarded
#        car\debug\obj\fsl_power_manager.o" "D:\Project\Mentally retarded
#        car\KV58 For mentally retarded car\KV58 For mentally retarded
#        car\debug\obj\fsl_rcm_hal.o" "D:\Project\Mentally retarded car\KV58
#        For mentally retarded car\KV58 For mentally retarded
#        car\debug\obj\fsl_sim_hal_MKV58F24.o" "D:\Project\Mentally retarded
#        car\KV58 For mentally retarded car\KV58 For mentally retarded
#        car\debug\obj\fsl_smc_hal.o" "D:\Project\Mentally retarded car\KV58
#        For mentally retarded car\KV58 For mentally retarded
#        car\debug\obj\L3G4200D.o" "D:\Project\Mentally retarded car\KV58 For
#        mentally retarded car\KV58 For mentally retarded
#        car\debug\obj\LPTMR.o" "D:\Project\Mentally retarded car\KV58 For
#        mentally retarded car\KV58 For mentally retarded
#        car\debug\obj\LQ12864SPI.o" "D:\Project\Mentally retarded car\KV58 For
#        mentally retarded car\KV58 For mentally retarded
#        car\debug\obj\LQ9AX.o" "D:\Project\Mentally retarded car\KV58 For
#        mentally retarded car\KV58 For mentally retarded
#        car\debug\obj\LQ_KEY.o" "D:\Project\Mentally retarded car\KV58 For
#        mentally retarded car\KV58 For mentally retarded
#        car\debug\obj\LQ_LED.o" "D:\Project\Mentally retarded car\KV58 For
#        mentally retarded car\KV58 For mentally retarded
#        car\debug\obj\LQ_PLL.o" "D:\Project\Mentally retarded car\KV58 For
#        mentally retarded car\KV58 For mentally retarded
#        car\debug\obj\LQ_SGP18T.o" "D:\Project\Mentally retarded car\KV58 For
#        mentally retarded car\KV58 For mentally retarded
#        car\debug\obj\LQADC.o" "D:\Project\Mentally retarded car\KV58 For
#        mentally retarded car\KV58 For mentally retarded
#        car\debug\obj\LQDMA.o" "D:\Project\Mentally retarded car\KV58 For
#        mentally retarded car\KV58 For mentally retarded
#        car\debug\obj\LQFTM.o" "D:\Project\Mentally retarded car\KV58 For
#        mentally retarded car\KV58 For mentally retarded
#        car\debug\obj\LQGPIO.o" "D:\Project\Mentally retarded car\KV58 For
#        mentally retarded car\KV58 For mentally retarded
#        car\debug\obj\LQI2C.o" "D:\Project\Mentally retarded car\KV58 For
#        mentally retarded car\KV58 For mentally retarded
#        car\debug\obj\LQIIC6050.o" "D:\Project\Mentally retarded car\KV58 For
#        mentally retarded car\KV58 For mentally retarded
#        car\debug\obj\LQMT9V034.o" "D:\Project\Mentally retarded car\KV58 For
#        mentally retarded car\KV58 For mentally retarded
#        car\debug\obj\LQPIT.o" "D:\Project\Mentally retarded car\KV58 For
#        mentally retarded car\KV58 For mentally retarded
#        car\debug\obj\LQUART.o" "D:\Project\Mentally retarded car\KV58 For
#        mentally retarded car\KV58 For mentally retarded
#        car\debug\obj\LQWDOG.o" "D:\Project\Mentally retarded car\KV58 For
#        mentally retarded car\KV58 For mentally retarded car\debug\obj\menu.o"
#        "D:\Project\Mentally retarded car\KV58 For mentally retarded car\KV58
#        For mentally retarded car\debug\obj\PID.o" "D:\Project\Mentally
#        retarded car\KV58 For mentally retarded car\KV58 For mentally retarded
#        car\debug\obj\pin_mux.o" "D:\Project\Mentally retarded car\KV58 For
#        mentally retarded car\KV58 For mentally retarded
#        car\debug\obj\print_scan.o" "D:\Project\Mentally retarded car\KV58 For
#        mentally retarded car\KV58 For mentally retarded
#        car\debug\obj\processing.o" "D:\Project\Mentally retarded car\KV58 For
#        mentally retarded car\KV58 For mentally retarded
#        car\debug\obj\simulationIIC.o" "D:\Project\Mentally retarded car\KV58
#        For mentally retarded car\KV58 For mentally retarded
#        car\debug\obj\startup.o" "D:\Project\Mentally retarded car\KV58 For
#        mentally retarded car\KV58 For mentally retarded
#        car\debug\obj\startup_MKV58F24.o" "D:\Project\Mentally retarded
#        car\KV58 For mentally retarded car\KV58 For mentally retarded
#        car\debug\obj\system_MKV58F24.o" --redirect _Printf=_PrintfSmallNoMb
#        --redirect _Scanf=_ScanfSmallNoMb -o "D:\Project\Mentally retarded
#        car\KV58 For mentally retarded car\KV58 For mentally retarded
#        car\debug\gpio_example.out" --config_def __stack_size__=0x2000
#        --config_def __heap_size__=0x2000 --map "D:\Project\Mentally retarded
#        car\KV58 For mentally retarded car\KV58 For mentally retarded
#        car\debug\list\gpio_example.map" --config "D:\Project\Mentally
#        retarded car\KV58 For mentally retarded car\KV58 For mentally retarded
#        car/LQuser/devices/linker/MKV58F1M0xxx24_ram.icf" --semihosting
#        --entry __iar_program_start --vfe --text_out locale)
#
###############################################################################

*******************************************************************************
*** RUNTIME MODEL ATTRIBUTES
***

CppFlavor       = *
__SystemLibrary = DLib
__dlib_version  = 6


*******************************************************************************
*** HEAP SELECTION
***

The basic heap was selected because no calls to memory allocation
functions were found in the application outside of system library
functions, and there are calls to deallocation functions in the
application.


*******************************************************************************
*** PLACEMENT SUMMARY
***

"A0":  place at 0x00000000 { ro section .intvec };
"P1":  place in [from 0x00000000 to 0x000003ff] |
                [from 0x00000400 to 0x0000ffff] { ro };
define block RW { rw };
"P2":  place in [from 0x20000000 to 0x2001dfff] { block RW };
define block ZI { zi };
"P3":  place in [from 0x20000000 to 0x2001dfff] { block ZI };
define block CSTACK with size = 8K, alignment = 8 { };
"P5":  place in [from 0x2001e000 to 0x2001ffff] { block CSTACK };

No sections matched the following patterns:

  section m_ocram  in "P6"


  Section          Kind        Address    Size  Object
  -------          ----        -------    ----  ------
"A0":                                    0x400
  .intvec          ro code  0x00000000   0x400  startup_MKV58F24.o [1]
                          - 0x00000400   0x400

"P1":                                   0x5a80
  .text            ro code  0x00000400   0xd08  menu.o [1]
  .text            ro code  0x00001108    0xfc  LQ_KEY.o [1]
  .text            ro code  0x00001204    0x6c  LPTMR.o [1]
  .text            ro code  0x00001270   0x618  LQ12864SPI.o [1]
  Veneer           ro code  0x00001888     0x8  - Linker created -
  Veneer           ro code  0x00001890     0x8  - Linker created -
  .text            ro code  0x00001898   0x928  LQMT9V034.o [1]
  .text            ro code  0x000021c0    0x40  sprintf.o [3]
  .text            ro code  0x00002200   0x178  DblAdd.o [4]
  .text            ro code  0x00002378   0x1a2  DblMul.o [4]
  .text            ro code  0x0000251a     0xa  xsprout.o [3]
  .text            ro code  0x00002524    0x3a  DblToS32.o [4]
  .text            ro code  0x0000255e     0x2  startup_MKV58F24.o [1]
  .text            ro code  0x00002560    0xf4  LQADC.o [1]
  .text            ro code  0x00002654   0x140  LQGPIO.o [1]
  .text            ro code  0x00002794   0x1e0  LQ_LED.o [1]
  .text            ro code  0x00002974   0x4d4  xprintfsmall_nomb.o [3]
  .text            ro code  0x00002e48    0xd2  DblSub.o [4]
  .text            ro code  0x00002f1a     0x2  startup_MKV58F24.o [1]
  .text            ro code  0x00002f1c    0x16  strchr.o [5]
  .text            ro code  0x00002f32     0x2  startup_MKV58F24.o [1]
  .text            ro code  0x00002f34    0x40  xfail_s.o [3]
  .text            ro code  0x00002f74    0x36  strlen.o [5]
  .text            ro code  0x00002faa     0x2  startup_MKV58F24.o [1]
  .text            ro code  0x00002fac    0x58  memchr.o [5]
  .text            ro code  0x00003004     0x6  abort.o [3]
  .text            ro code  0x0000300a     0x2  startup_MKV58F24.o [1]
  .text            ro code  0x0000300c    0x14  exit.o [6]
  .text            ro code  0x00003020   0x638  LQFTM.o [1]
  .rodata          const    0x00003658   0x5f0  LQ12864SPI.o [1]
  .text            ro code  0x00003c48   0x4c4  fsl_mcg_hal_modes.o [1]
  .text            ro code  0x0000410c   0x338  fsl_mcg_hal.o [1]
  .text            ro code  0x00004444   0x31c  fsl_clock_manager.o [1]
  .text            ro code  0x00004760    0x24  ABIassert.o [6]
  .text            ro code  0x00004784     0xc  fsl_osc_hal.o [1]
  .text            ro code  0x00004790   0x304  LQUART.o [1]
  .rodata          const    0x00004a94   0x2f4  LQ12864SPI.o [1]
  .text            ro code  0x00004d88   0x240  PID.o [1]
  .text            ro code  0x00004fc8    0x22  S32ToDbl.o [4]
  .text            ro code  0x00004fea     0x2  startup_MKV58F24.o [1]
  .rodata          const    0x00004fec   0x228  LQ12864SPI.o [1]
  .text            ro code  0x00005214   0x19c  LQ_PLL.o [1]
  .text            ro code  0x000053b0   0x180  fsl_smc_hal.o [1]
  .text            ro code  0x00005530    0xc8  fsl_clock_MKV58F24.o [1]
  .text            ro code  0x000055f8    0x86  ABImemcpy.o [5]
  .text            ro code  0x0000567e     0x2  startup_MKV58F24.o [1]
  .text            ro code  0x00005680    0x3a  fsl_sim_hal_MKV58F24.o [1]
  .text            ro code  0x000056ba     0x2  startup_MKV58F24.o [1]
  .text            ro code  0x000056bc   0x124  LQPIT.o [1]
  .text            ro code  0x000057e0    0xc8  system_MKV58F24.o [1]
  .text            ro code  0x000058a8    0xb0  processing.o [1]
  .text            ro code  0x00005958    0x8c  APPmain.o [1]
  .rodata          const    0x000059e4    0x84  fsl_clock_manager.o [1]
  .rodata          const    0x00005a68    0x84  fsl_clock_MKV58F24.o [1]
  .text            ro code  0x00005aec    0x44  fsl_hwtimer_systick.o [1]
  .text            ro code  0x00005b30    0x44  startup.o [1]
  .rodata          const    0x00005b74    0x40  fsl_clock_manager.o [1]
  .text            ro code  0x00005bb4    0x40  zero_init3.o [5]
  .rodata          const    0x00005bf4    0x38  LQ12864SPI.o [1]
  .text            ro code  0x00005c2c    0x28  data_init.o [5]
  .text            ro code  0x00005c54    0x22  fpinit_M.o [4]
  .iar.init_table  const    0x00005c78    0x10  - Linker created -
  .text            ro code  0x00005c88    0x1e  cmain.o [5]
  .text            ro code  0x00005ca6     0x4  low_level_init.o [3]
  .text            ro code  0x00005caa     0x4  exit.o [3]
  .text            ro code  0x00005cb0     0xa  cexit.o [5]
  .text            ro code  0x00005cbc    0x1c  startup_MKV58F24.o [1]
  .rodata          const    0x00005cd8    0x18  LQ_PLL.o [1]
  .rodata          const    0x00005cf0    0x18  LQ_PLL.o [1]
  .rodata          const    0x00005d08    0x18  LQ_PLL.o [1]
  .rodata          const    0x00005d20    0x18  LQ_PLL.o [1]
  .rodata          const    0x00005d38    0x18  LQ_PLL.o [1]
  .rodata          const    0x00005d50    0x18  LQ_PLL.o [1]
  .rodata          const    0x00005d68    0x10  fsl_mcg_hal.o [1]
  .rodata          const    0x00005d78    0x10  LQ_PLL.o [1]
  .rodata          const    0x00005d88    0x10  menu.o [1]
  .rodata          const    0x00005d98    0x10  menu.o [1]
  .text            ro code  0x00005da8    0x10  fsl_hwtimer_systick_irq.o [1]
  FlashConfig      ro code  0x00005db8    0x10  startup_MKV58F24.o [1]
  .rodata          const    0x00005dc8     0xc  menu.o [1]
  .rodata          const    0x00005dd4     0xc  menu.o [1]
  .rodata          const    0x00005de0     0xc  menu.o [1]
  .text            ro code  0x00005dec     0xc  cstartup_M.o [5]
  .rodata          const    0x00005df8     0x8  fsl_clock_manager.o [1]
  .rodata          const    0x00005e00     0x8  fsl_clock_MKV58F24.o [1]
  .rodata          const    0x00005e08     0x8  LQ_PLL.o [1]
  .rodata          const    0x00005e10     0x8  LQMT9V034.o [1]
  .rodata          const    0x00005e18     0x8  LQMT9V034.o [1]
  .rodata          const    0x00005e20     0x8  menu.o [1]
  .rodata          const    0x00005e28     0x8  menu.o [1]
  .rodata          const    0x00005e30     0x8  menu.o [1]
  .rodata          const    0x00005e38     0x8  menu.o [1]
  .rodata          const    0x00005e40     0x8  menu.o [1]
  .rodata          const    0x00005e48     0x8  menu.o [1]
  .rodata          const    0x00005e50     0x8  menu.o [1]
  .rodata          const    0x00005e58     0x8  menu.o [1]
  .rodata          const    0x00005e60     0x8  menu.o [1]
  .rodata          const    0x00005e68     0x8  menu.o [1]
  .rodata          const    0x00005e70     0x8  processing.o [1]
  .rodata          const    0x00005e78     0x4  fsl_clock_manager_common.o [1]
  .text            ro code  0x00005e7c     0x4  startup_MKV58F24.o [1]
  .rodata          const    0x00005e80     0x0  zero_init3.o [5]
                          - 0x00005e80  0x5a80

"P2-P3":                                0x87a8
  RW                        0x20000000   0x29a  <Block>
    .data          rw data  0x20000000     0x4  fsl_mcg_hal.o [1]
    .data          rw data  0x20000004     0x4  fsl_mcg_hal.o [1]
    .data          rw data  0x20000008    0x14  LQGPIO.o [1]
    .data          rw data  0x2000001c    0x14  LQGPIO.o [1]
    .data          rw data  0x20000030    0x18  LQUART.o [1]
    .data          rw data  0x20000048     0x4  system_MKV58F24.o [1]
    .textrw        ro code  0x2000004c   0x24c  LQMT9V034.o [1]
    .data          rw data  0x20000298     0x2  PID.o [1]
  ZI                        0x200002a0  0x850c  <Block>
    .bss           zero     0x200002a0    0x28  PID.o [1]
    .bss           zero     0x200002c8    0x28  PID.o [1]
    .bss           zero     0x200002f0    0x28  PID.o [1]
    .bss           zero     0x20000318     0x4  fsl_hwtimer_systick.o [1]
    .bss           zero     0x2000031c     0x4  fsl_mcg_hal.o [1]
    .bss           zero     0x20000320     0x4  LQ_PLL.o [1]
    .bss           zero     0x20000324     0x4  LQ_PLL.o [1]
    .bss           zero     0x20000328  0x5820  LQMT9V034.o [1]
    .bss           zero     0x20005b48  0x2c10  LQMT9V034.o [1]
    .bss           zero     0x20008758    0x24  menu.o [1]
    .bss           zero     0x2000877c    0x10  menu.o [1]
    .bss           zero     0x2000878c     0x4  xfail_s.o [3]
    .bss           zero     0x20008790     0x2  LQPIT.o [1]
    .bss           zero     0x20008792     0x2  LQPIT.o [1]
    .bss           zero     0x20008794     0x2  menu.o [1]
    .bss           zero     0x20008796     0x2  menu.o [1]
    .bss           zero     0x20008798     0x2  menu.o [1]
    .bss           zero     0x2000879a     0x2  menu.o [1]
    .bss           zero     0x2000879c     0x2  PID.o [1]
    .bss           zero     0x2000879e     0x2  PID.o [1]
    .bss           zero     0x200087a0     0x2  PID.o [1]
    .bss           zero     0x200087a2     0x1  LQMT9V034.o [1]
    .bss           zero     0x200087a3     0x1  LQMT9V034.o [1]
    .bss           zero     0x200087a4     0x1  LQMT9V034.o [1]
                          - 0x200087a8  0x87a8

"P5":                                   0x2000
  CSTACK                    0x2001e000  0x2000  <Block>
    CSTACK         uninit   0x2001e000  0x2000  <Block tail>
                          - 0x20020000  0x2000


*******************************************************************************
*** INIT TABLE
***

          Address     Size
          -------     ----
Zero (__iar_zero_init3)
    1 destination range, total size 0x8505:
          0x200002a0  0x8505



*******************************************************************************
*** MODULE SUMMARY
***

    Module                      ro code  rw code  ro data  rw data
    ------                      -------  -------  -------  -------
D:\Project\Mentally retarded car\KV58 For mentally retarded car\KV58 For mentally retarded car\debug\obj: [1]
    APPmain.o                       140
    LPTMR.o                         108
    LQ12864SPI.o                  1 560             2 884
    LQADC.o                         244
    LQFTM.o                       1 592
    LQGPIO.o                        320                         40
    LQMT9V034.o                   2 344      588       16   33 843
    LQPIT.o                         292                          4
    LQUART.o                        772                         24
    LQ_KEY.o                        252
    LQ_LED.o                        480
    LQ_PLL.o                        412               168        8
    PID.o                           576                        128
    fsl_clock_MKV58F24.o            200               140
    fsl_clock_manager.o             796               204
    fsl_clock_manager_common.o                          4
    fsl_hwtimer_systick.o            68                          4
    fsl_hwtimer_systick_irq.o        16
    fsl_mcg_hal.o                   824                16       12
    fsl_mcg_hal_modes.o           1 220
    fsl_osc_hal.o                    12
    fsl_sim_hal_MKV58F24.o           58
    fsl_smc_hal.o                   384
    menu.o                        3 336               148       60
    processing.o                    176                 8
    startup.o                        68
    startup_MKV58F24.o            1 088
    system_MKV58F24.o               200                          4
    --------------------------------------------------------------
    Total:                       17 538      588    3 588   34 127

command line: [2]
    --------------------------------------------------------------
    Total:

dl7M_tln.a: [3]
    abort.o                           6
    exit.o                            4
    low_level_init.o                  4
    sprintf.o                        64
    xfail_s.o                        64                          4
    xprintfsmall_nomb.o           1 236
    xsprout.o                        10
    --------------------------------------------------------------
    Total:                        1 388                          4

m7M_tls.a: [4]
    DblAdd.o                        376
    DblMul.o                        418
    DblSub.o                        210
    DblToS32.o                       58
    S32ToDbl.o                       34
    fpinit_M.o                       34
    --------------------------------------------------------------
    Total:                        1 130

rt7M_tl.a: [5]
    ABImemcpy.o                     134
    cexit.o                          10
    cmain.o                          30
    cstartup_M.o                     12
    data_init.o                      40
    memchr.o                         88
    strchr.o                         22
    strlen.o                         54
    zero_init3.o                     64
    --------------------------------------------------------------
    Total:                          454

shb_l.a: [6]
    ABIassert.o                      36
    exit.o                           20
    --------------------------------------------------------------
    Total:                           56

    Gaps                              4                 2
    Linker created                   16                16    8 192
------------------------------------------------------------------
    Grand Total:                 20 586      588    3 606   42 323


*******************************************************************************
*** ENTRY LIST
***

Entry                      Address    Size  Type      Object
-----                      -------    ----  ----      ------
.iar.init_table$$Base   0x00005c78           --   Gb  - Linker created -
.iar.init_table$$Limit  0x00005c88           --   Gb  - Linker created -
?main                   0x00005c89          Code  Gb  cmain.o [5]
ADC0_Ave                0x000025fb    0x40  Code  Gb  LQADC.o [1]
ADC0_Init               0x00002561    0x22  Code  Gb  LQADC.o [1]
ADC0_Once               0x000025d3    0x28  Code  Gb  LQADC.o [1]
ADC0_Start              0x00002583    0x50  Code  Gb  LQADC.o [1]
BOARD_InitOsc0          0x00005351    0x18  Code  Gb  LQ_PLL.o [1]
CLOCK_HAL_EnablePll0InFllMode
                        0x00004359    0x34  Code  Gb  fsl_mcg_hal.o [1]
CLOCK_HAL_GetClkOutStat
                        0x00004451     0xe  Code  Lc  fsl_clock_manager.o [1]
CLOCK_HAL_GetClkOutStat
                        0x0000410d     0xe  Code  Lc  fsl_mcg_hal.o [1]
CLOCK_HAL_GetClkOutStat
                        0x00003c49     0xe  Code  Lc  fsl_mcg_hal_modes.o [1]
CLOCK_HAL_GetFllClk     0x00004255    0x40  Code  Gb  fsl_mcg_hal.o [1]
CLOCK_HAL_GetFllRefClk  0x000041d3    0x42  Code  Gb  fsl_mcg_hal.o [1]
CLOCK_HAL_GetFllSrc     0x00003c57     0xc  Code  Lc  fsl_mcg_hal_modes.o [1]
CLOCK_HAL_GetInternalRefClk
                        0x0000438d    0x36  Code  Gb  fsl_mcg_hal.o [1]
CLOCK_HAL_GetInternalRefClkMode
                        0x0000447b     0xc  Code  Lc  fsl_clock_manager.o [1]
CLOCK_HAL_GetInternalRefClkMode
                        0x00004125     0xc  Code  Lc  fsl_mcg_hal.o [1]
CLOCK_HAL_GetInternalRefClkMode
                        0x00003c63     0xc  Code  Lc  fsl_mcg_hal_modes.o [1]
CLOCK_HAL_GetMcgExternalClkFreq
                        0x00004197     0x8  Code  Lc  fsl_mcg_hal.o [1]
CLOCK_HAL_GetMcgMode    0x00003cc3    0xa6  Code  Gb  fsl_mcg_hal_modes.o [1]
CLOCK_HAL_GetOutClk     0x000043c3    0x3e  Code  Gb  fsl_mcg_hal.o [1]
CLOCK_HAL_GetOutDiv1    0x00005531    0x12  Code  Lc  fsl_clock_MKV58F24.o [1]
CLOCK_HAL_GetPll0Clk    0x0000430d    0x4c  Code  Gb  fsl_mcg_hal.o [1]
CLOCK_HAL_GetPll0RefFreq
                        0x00004305     0x8  Code  Gb  fsl_mcg_hal.o [1]
CLOCK_HAL_IsOsc0Stable  0x00004493    0x18  Code  Lc  fsl_clock_manager.o [1]
CLOCK_HAL_IsOsc0Stable  0x00004161    0x18  Code  Lc  fsl_mcg_hal.o [1]
CLOCK_HAL_IsOsc0Stable  0x00003cab    0x18  Code  Lc  fsl_mcg_hal_modes.o [1]
CLOCK_HAL_IsPll0Locked  0x00004131    0x18  Code  Lc  fsl_mcg_hal.o [1]
CLOCK_HAL_IsPll0Locked  0x00003c7b    0x18  Code  Lc  fsl_mcg_hal_modes.o [1]
CLOCK_HAL_IsPllSelected
                        0x00004149    0x18  Code  Lc  fsl_mcg_hal.o [1]
CLOCK_HAL_IsPllSelected
                        0x00003c93    0x18  Code  Lc  fsl_mcg_hal_modes.o [1]
CLOCK_HAL_PrepareOsc    0x00004179    0x1e  Code  Gb  fsl_mcg_hal.o [1]
CLOCK_HAL_SetBlpeMode   0x00004045    0x16  Code  Gb  fsl_mcg_hal_modes.o [1]
CLOCK_HAL_SetBlpiMode   0x0000400b    0x3a  Code  Gb  fsl_mcg_hal_modes.o [1]
CLOCK_HAL_SetClkOutSrc  0x00004445     0xc  Code  Lc  fsl_clock_manager.o [1]
CLOCK_HAL_SetExternalRefClock32kSrc
                        0x00005543     0xe  Code  Lc  fsl_clock_MKV58F24.o [1]
CLOCK_HAL_SetFbeMode    0x00003f49    0xc2  Code  Gb  fsl_mcg_hal_modes.o [1]
CLOCK_HAL_SetFbiMode    0x00003e91    0xb8  Code  Gb  fsl_mcg_hal_modes.o [1]
CLOCK_HAL_SetFeeMode    0x00003def    0xa2  Code  Gb  fsl_mcg_hal_modes.o [1]
CLOCK_HAL_SetFeiMode    0x00003d69    0x86  Code  Gb  fsl_mcg_hal_modes.o [1]
CLOCK_HAL_SetInternalRefClkEnableCmd
                        0x0000445f     0xa  Code  Lc  fsl_clock_manager.o [1]
CLOCK_HAL_SetInternalRefClkEnableInStopCmd
                        0x00004469     0x8  Code  Lc  fsl_clock_manager.o [1]
CLOCK_HAL_SetInternalRefClkMode
                        0x00004471     0xa  Code  Lc  fsl_clock_manager.o [1]
CLOCK_HAL_SetInternalRefClkMode
                        0x0000411b     0xa  Code  Lc  fsl_mcg_hal.o [1]
CLOCK_HAL_SetOsc0Mode   0x00004401    0x26  Code  Gb  fsl_mcg_hal.o [1]
CLOCK_HAL_SetOutDiv     0x00005681    0x3a  Code  Gb  fsl_sim_hal_MKV58F24.o [1]
CLOCK_HAL_SetPbeMode    0x0000405b    0x8a  Code  Gb  fsl_mcg_hal_modes.o [1]
CLOCK_HAL_SetPeeMode    0x000040e5    0x1a  Code  Gb  fsl_mcg_hal_modes.o [1]
CLOCK_HAL_SetPll0EnableCmd
                        0x00004487     0xc  Code  Lc  fsl_clock_manager.o [1]
CLOCK_HAL_SetPll0EnableCmd
                        0x00003c6f     0xc  Code  Lc  fsl_mcg_hal_modes.o [1]
CLOCK_HAL_TestFllExternalRefFreq
                        0x0000419f    0x34  Code  Gb  fsl_mcg_hal.o [1]
CLOCK_HAL_TestFllFreq   0x00004215    0x40  Code  Gb  fsl_mcg_hal.o [1]
CLOCK_HAL_TestFllFreq::fllFactorTable
                        0x00005d68    0x10  Data  Lc  fsl_mcg_hal.o [1]
CLOCK_HAL_UpdateFastClkInternalRefDiv
                        0x00004295    0x70  Code  Gb  fsl_mcg_hal.o [1]
CLOCK_SYS_FllStableDelay
                        0x000044cd    0x12  Code  Lc  fsl_clock_manager.o [1]
CLOCK_SYS_GetCoreClockFreq
                        0x000055c5    0x18  Code  Gb  fsl_clock_MKV58F24.o [1]
CLOCK_SYS_McgModeToIdx  0x000044df    0x34  Code  Lc  fsl_clock_manager.o [1]
CLOCK_SYS_OscInit       0x00004677    0x98  Code  Gb  fsl_clock_manager.o [1]
CLOCK_SYS_SetConfiguration
                        0x00005573    0x52  Code  Gb  fsl_clock_MKV58F24.o [1]
CLOCK_SYS_SetMcgMode    0x00004513   0x164  Code  Gb  fsl_clock_manager.o [1]
CLOCK_SYS_SetOscerConfigration
                        0x0000470f    0x2c  Code  Gb  fsl_clock_manager.o [1]
CLOCK_SYS_SetSimConfigration
                        0x00005551    0x22  Code  Gb  fsl_clock_MKV58F24.o [1]
CSTACK$$Base            0x2001e000           --   Gb  - Linker created -
CSTACK$$Limit           0x20020000           --   Gb  - Linker created -
DMATransDataInit        0x2000004d   0x1e4  Code  Gb  LQMT9V034.o [1]
DMATransDataStart       0x20000231    0x44  Code  Gb  LQMT9V034.o [1]
Draw_Road               0x00001c47   0x160  Code  Gb  LQMT9V034.o [1]
EXTI_Init               0x0000271b    0x54  Code  Gb  LQGPIO.o [1]
ElectromagnetismProcessingOfBasics
                        0x000058a9    0xa8  Code  Gb  processing.o [1]
F14x16                  0x00004a94   0x2f4  Data  Gb  LQ12864SPI.o [1]
F14x16_Idx              0x00005bf4    0x38  Data  Gb  LQ12864SPI.o [1]
F6x8                    0x00004fec   0x228  Data  Gb  LQ12864SPI.o [1]
F8X16                   0x00003658   0x5f0  Data  Gb  LQ12864SPI.o [1]
FTM_AB_Get              0x00003519     0xc  Code  Gb  LQFTM.o [1]
FTM_AB_Init             0x00003419   0x100  Code  Gb  LQFTM.o [1]
FTM_PWM_Init            0x00003021   0x1fc  Code  Gb  LQFTM.o [1]
Field_Over_Flag         0x200087a4     0x1  Data  Gb  LQMT9V034.o [1]
GPIOX                   0x20000008    0x14  Data  Gb  LQGPIO.o [1]
GPIO_Get                0x000026ff    0x1c  Code  Gb  LQGPIO.o [1]
GPIO_Init               0x00002669    0x88  Code  Gb  LQGPIO.o [1]
GPIO_Reverse            0x000026f1     0xe  Code  Gb  LQGPIO.o [1]
HWTIMER_SYS_SystickIsrAction
                        0x00005aed    0x3a  Code  Gb  fsl_hwtimer_systick.o [1]
Image_Data              0x20000328  0x5820  Data  Gb  LQMT9V034.o [1]
KEY_Init                0x00001109    0x40  Code  Gb  LQ_KEY.o [1]
KEY_Read                0x00001149    0x42  Code  Gb  LQ_KEY.o [1]
LCD_CLS                 0x000013f9    0x3c  Code  Gb  LQ12864SPI.o [1]
LCD_Fill                0x000013b9    0x40  Code  Gb  LQ12864SPI.o [1]
LCD_Init                0x00001435   0x14c  Code  Gb  LQ12864SPI.o [1]
LCD_P14x16Str           0x00001693   0x136  Code  Gb  LQ12864SPI.o [1]
LCD_P6x8Str             0x00001581    0x72  Code  Gb  LQ12864SPI.o [1]
LCD_P8x16Str            0x000015f3    0xa0  Code  Gb  LQ12864SPI.o [1]
LCD_Set_Pos             0x0000138f    0x2a  Code  Gb  LQ12864SPI.o [1]
LCD_Show_Frame100       0x000017c9    0xac  Code  Gb  LQ12864SPI.o [1]
LCD_WrCmd               0x000012fd    0x92  Code  Gb  LQ12864SPI.o [1]
LCD_WrDat               0x00001271    0x8c  Code  Gb  LQ12864SPI.o [1]
LED_Ctrl                0x000027c9   0x1a8  Code  Gb  LQ_LED.o [1]
LED_Init                0x00002795    0x34  Code  Gb  LQ_LED.o [1]
LPTMR0_IRQHandler       0x00001251     0xe  Code  Gb  LPTMR.o [1]
LPTMR_delay_ms          0x0000120f    0x42  Code  Gb  LPTMR.o [1]
Line_Cont               0x200087a3     0x1  Data  Gb  LQMT9V034.o [1]
LoadInt                 0x00002b97    0x56  Code  Lc  xprintfsmall_nomb.o [3]
MT9V034_Init            0x0000191f   0x22c  Code  Gb  LQMT9V034.o [1]
MT9V034_SetAutoExposure
                        0x00001c05    0x42  Code  Gb  LQMT9V034.o [1]
MT9V034_SetFrameResolution
                        0x00001b4b    0xba  Code  Gb  LQMT9V034.o [1]
MotorLeftLocPIDCalc     0x00004e6d    0x92  Code  Gb  PID.o [1]
MotorRightLocPIDCalc    0x00004eff    0x92  Code  Gb  PID.o [1]
Motor_Duty              0x00003585    0x48  Code  Gb  LQFTM.o [1]
Motor_Init              0x00003525    0x3c  Code  Gb  LQFTM.o [1]
NVIC_EnableIRQ          0x00002655    0x14  Code  Lc  LQGPIO.o [1]
NVIC_EnableIRQ          0x000056bd    0x14  Code  Lc  LQPIT.o [1]
OSC_HAL_SetCapacitor    0x00004785     0xc  Code  Gb  fsl_osc_hal.o [1]
OSC_HAL_SetExternalRefClkCmd
                        0x000044ab     0xa  Code  Lc  fsl_clock_manager.o [1]
OSC_HAL_SetExternalRefClkDiv
                        0x000044bf     0xe  Code  Lc  fsl_clock_manager.o [1]
OSC_HAL_SetExternalRefClkInStopModeCmd
                        0x000044b5     0xa  Code  Lc  fsl_clock_manager.o [1]
PIDMotorLeft            0x200002c8    0x28  Data  Gb  PID.o [1]
PIDMotorRight           0x200002f0    0x28  Data  Gb  PID.o [1]
PIDServo                0x200002a0    0x28  Data  Gb  PID.o [1]
PIT0_IRQHandler         0x0000573d    0x42  Code  Gb  LQPIT.o [1]
PIT1_IRQHandler         0x0000577f    0x18  Code  Gb  LQPIT.o [1]
PIT2_IRQHandler         0x00005797     0xe  Code  Gb  LQPIT.o [1]
PIT3_IRQHandler         0x000057a5     0xe  Code  Gb  LQPIT.o [1]
PIT_Init                0x000056d1    0x6c  Code  Gb  LQPIT.o [1]
PLL150MHz               0x00005cd8    0x18  Data  Gb  LQ_PLL.o [1]
PLL180MHz               0x00005cf0    0x18  Data  Gb  LQ_PLL.o [1]
PLL200MHz               0x00005d08    0x18  Data  Gb  LQ_PLL.o [1]
PLL235MHz               0x00005d20    0x18  Data  Gb  LQ_PLL.o [1]
PLL250MHz               0x00005d38    0x18  Data  Gb  LQ_PLL.o [1]
PLL275MHz               0x00005d50    0x18  Data  Gb  LQ_PLL.o [1]
PLL_Init                0x00005219   0x138  Code  Gb  LQ_PLL.o [1]
PORTB_IRQHandler        0x0000118b    0x70  Code  Gb  LQ_KEY.o [1]
PORTD_IRQHandler        0x00001899    0x86  Code  Gb  LQMT9V034.o [1]
PORTX                   0x2000001c    0x14  Data  Gb  LQGPIO.o [1]
PidSet                  0x00004d89    0x70  Code  Gb  PID.o [1]
Pixle                   0x20005b48  0x2c10  Data  Gb  LQMT9V034.o [1]
RW$$Base                0x20000000           --   Gb  - Linker created -
RW$$Limit               0x2000029a           --   Gb  - Linker created -
Region$$Table$$Base     0x00005c78           --   Gb  - Linker created -
Region$$Table$$Limit    0x00005c88           --   Gb  - Linker created -
SCB_EnableDCache        0x00005805    0x54  Code  Lc  system_MKV58F24.o [1]
SCB_EnableICache        0x000057e1    0x24  Code  Lc  system_MKV58F24.o [1]
SCCB_Ack                0x00001fe7    0x70  Code  Lc  LQMT9V034.o [1]
SCCB_Init               0x00001da7    0x1c  Code  Gb  LQMT9V034.o [1]
SCCB_NAck               0x00002065    0x74  Code  Lc  LQMT9V034.o [1]
SCCB_ReadByte           0x00001f67    0x80  Code  Gb  LQMT9V034.o [1]
SCCB_RegRead            0x00002155    0x5e  Code  Gb  LQMT9V034.o [1]
SCCB_RegWrite           0x000020ed    0x68  Code  Gb  LQMT9V034.o [1]
SCCB_SendByte           0x00001e95    0xd2  Code  Gb  LQMT9V034.o [1]
SCCB_Star               0x00001dd9    0x64  Code  Gb  LQMT9V034.o [1]
SCCB_Stop               0x00001e3d    0x58  Code  Gb  LQMT9V034.o [1]
SCCB_Wait               0x00001dc5    0x14  Code  Gb  LQMT9V034.o [1]
SERVOMEDIAN             0x20000298     0x2  Data  Gb  PID.o [1]
SMC_HAL_GetStat         0x0000552d     0x4  Code  Gb  fsl_smc_hal.o [1]
SMC_HAL_SetMode         0x000053ff   0x120  Code  Gb  fsl_smc_hal.o [1]
SMC_HAL_SetPowerModeHsrun
                        0x000053e5    0x1a  Code  Lc  fsl_smc_hal.o [1]
SMC_HAL_SetPowerModeRun
                        0x000053b1    0x1a  Code  Lc  fsl_smc_hal.o [1]
SMC_HAL_SetPowerModeVlpr
                        0x000053cb    0x1a  Code  Lc  fsl_smc_hal.o [1]
SMC_HAL_SetProtection   0x00005215     0x4  Code  Lc  LQ_PLL.o [1]
ServoFTM_PWM_Init       0x0000321d   0x1fc  Code  Gb  LQFTM.o [1]
ServoLocPIDCalc         0x00004df9    0x74  Code  Gb  PID.o [1]
Servo_Duty              0x000035cd     0x6  Code  Gb  LQFTM.o [1]
Servo_Init              0x00003561    0x24  Code  Gb  LQFTM.o [1]
SysTick_Handler         0x00005da9    0x10  Code  Gb  fsl_hwtimer_systick_irq.o [1]
SystemCoreClock         0x20000048     0x4  Data  Gb  system_MKV58F24.o [1]
SystemInit              0x00005859    0x30  Code  Gb  system_MKV58F24.o [1]
Threshold               0x200087a2     0x1  Data  Gb  LQMT9V034.o [1]
UART0_RX_TX_IRQHandler  0x000049d1    0x14  Code  Gb  LQUART.o [1]
UART1_RX_TX_IRQHandler  0x000049e5    0x14  Code  Gb  LQUART.o [1]
UART2_RX_TX_IRQHandler  0x000049f9    0x14  Code  Gb  LQUART.o [1]
UART3_RX_TX_IRQHandler  0x00004a0d    0x14  Code  Gb  LQUART.o [1]
UART4_RX_TX_IRQHandler  0x00004a21    0x1c  Code  Gb  LQUART.o [1]
UART5_RX_TX_IRQHandler  0x00004a3d    0x14  Code  Gb  LQUART.o [1]
UARTN                   0x20000030    0x18  Data  Gb  LQUART.o [1]
UART_Get_Char           0x00004995    0x20  Code  Gb  LQUART.o [1]
UART_Init               0x00004791   0x204  Code  Gb  LQUART.o [1]
UART_Put_Char           0x000049b5    0x1c  Code  Gb  LQUART.o [1]
ZI$$Base                0x200002a0           --   Gb  - Linker created -
ZI$$Limit               0x200087a8           --   Gb  - Linker created -
_LitobSmallNoMb         0x00002d29    0xce  Code  Lc  xprintfsmall_nomb.o [3]
_PrintfSmallNoMb        0x00002975   0x216  Code  Gb  xprintfsmall_nomb.o [3]
_PutcharsSmallNoMb      0x00002df7    0x2e  Code  Lc  xprintfsmall_nomb.o [3]
_PutfldSmallNoMb        0x00002bed   0x13c  Code  Lc  xprintfsmall_nomb.o [3]
_SProut                 0x0000251b     0xa  Code  Gb  xsprout.o [3]
__RAM_VECTOR_TABLE_SIZE {Abs}
                        0x00000000          Data  Gb  command line/config [2]
__VECTOR_RAM {Abs}      0x00000000          Data  Gb  command line/config [2]
__VECTOR_TABLE {Abs}    0x00000000          Data  Gb  command line/config [2]
__Vectors               0x00000000           --   Gb  startup_MKV58F24.o [1]
__Vectors_End           0x00000400          Data  Gb  startup_MKV58F24.o [1]
__Vectors_Size {Abs}    0x00000400           --   Gb  startup_MKV58F24.o [1]
__aeabi_assert          0x00004761    0x24  Code  Gb  ABIassert.o [6]
__aeabi_d2iz            0x00002525          Code  Gb  DblToS32.o [4]
__aeabi_dadd            0x00002201          Code  Gb  DblAdd.o [4]
__aeabi_dmul            0x00002379          Code  Gb  DblMul.o [4]
__aeabi_i2d             0x00004fc9          Code  Gb  S32ToDbl.o [4]
__aeabi_memcpy4         0x000055f9          Code  Gb  ABImemcpy.o [5]
__aeabi_memcpy8         0x000055f9          Code  Gb  ABImemcpy.o [5]
__cmain                 0x00005c89          Code  Gb  cmain.o [5]
__exit                  0x0000300d    0x14  Code  Gb  exit.o [6]
__iar_Fail_s            0x00002f35    0x1c  Code  Gb  xfail_s.o [3]
__iar_Memchr            0x00002fad          Code  Gb  memchr.o [5]
__iar_Strchr            0x00002f1d          Code  Gb  strchr.o [5]
__iar_dadd              0x00002e49          Code  Gb  DblSub.o [4]
__iar_data_init3        0x00005c2d    0x28  Code  Gb  data_init.o [5]
__iar_dsub              0x00002211          Code  Gb  DblAdd.o [4]
__iar_dsubStart         0x00002223          Code  Gb  DblAdd.o [4]
__iar_init_vfp          0x00005c55          Code  Gb  fpinit_M.o [4]
__iar_program_start     0x00005ded          Code  Gb  cstartup_M.o [5]
__iar_systems$$module {Abs}
                        0x00000001          Data  Gb  command line/config [2]
__iar_zero_init3        0x00005bb5    0x40  Code  Gb  zero_init3.o [5]
__low_level_init        0x00005ca7     0x4  Code  Gb  low_level_init.o [3]
__vector_table          0x00000000          Data  Gb  startup_MKV58F24.o [1]
__vector_table_0x1c     0x0000001c          Data  Gb  startup_MKV58F24.o [1]
_call_main              0x00005c95          Code  Gb  cmain.o [5]
_exit                   0x00005cb1          Code  Gb  cexit.o [5]
_main                   0x00005ca3          Code  Gb  cmain.o [5]
abort                   0x00003005     0x6  Code  Gb  abort.o [3]
bus_clk_M               0x20000324     0x4  Data  Gb  LQ_PLL.o [1]
core_clk_M              0x20000320     0x4  Data  Gb  LQ_PLL.o [1]
exit                    0x00005cab     0x4  Code  Gb  exit.o [3]
g_fastInternalRefClkFreq
                        0x20000000     0x4  Data  Gb  fsl_mcg_hal.o [1]
g_hwtimersSystick       0x20000318     0x4  Data  Lc  fsl_hwtimer_systick.o [1]
g_oscBase               0x00005e78     0x4  Data  Gb  fsl_clock_manager_common.o [1]
g_slowInternalRefClkFreq
                        0x20000004     0x4  Data  Gb  fsl_mcg_hal.o [1]
g_xtal0ClkFreq          0x2000031c     0x4  Data  Gb  fsl_mcg_hal.o [1]
init_data_bss           0x00005b31    0x44  Code  Gb  startup.o [1]
main                    0x00005959    0x8c  Code  Gb  APPmain.o [1]
mcgModeMatrix           0x00005b74    0x40  Data  Lc  fsl_clock_manager.o [1]
memchr                  0x00002fad          Code  Gb  memchr.o [5]
menu                    0x00000455    0xa8  Code  Gb  menu.o [1]
menuInit                0x00000401    0x34  Code  Gb  menu.o [1]
menuOfADCMedia          0x00000fe9    0xc0  Code  Gb  menu.o [1]
menuOfADCshow           0x00000e51   0x188  Code  Gb  menu.o [1]
menuOfCameraImage       0x000004fd    0x36  Code  Gb  menu.o [1]
menuOfMotorLeft         0x00000835   0x2fa  Code  Gb  menu.o [1]
menuOfMotorRight        0x00000535   0x2fa  Code  Gb  menu.o [1]
menuOfServo             0x00000b35   0x2f6  Code  Gb  menu.o [1]
menuPageAdd             0x00000435    0x20  Code  Gb  menu.o [1]
menuPages               0x2000879a     0x2  Data  Gb  menu.o [1]
menuSelection           0x20008794     0x2  Data  Gb  menu.o [1]
menuSwitch              0x20008796     0x2  Data  Gb  menu.o [1]
menus                   0x20008758    0x24  Data  Gb  menu.o [1]
sec_hand                0x2000878c     0x4  Data  Lc  xfail_s.o [3]
servo                   0x2000879c     0x2  Data  Gb  PID.o [1]
speedLeft               0x2000879e     0x2  Data  Gb  PID.o [1]
speedLeftGet            0x20008790     0x2  Data  Gb  LQPIT.o [1]
speedRight              0x200087a0     0x2  Data  Gb  PID.o [1]
speedRightGet           0x20008792     0x2  Data  Gb  LQPIT.o [1]
sprintf                 0x000021c1    0x40  Code  Gb  sprintf.o [3]
strchr                  0x00002f1d          Code  Gb  strchr.o [5]
strlen                  0x00002f75          Code  Gb  strlen.o [5]
temp                    0x20008798     0x2  Data  Gb  menu.o [1]
time_delay_ms           0x00001205     0xa  Code  Gb  LPTMR.o [1]
txt                     0x2000877c    0x10  Data  Gb  menu.o [1]


[1] = D:\Project\Mentally retarded car\KV58 For mentally retarded car\KV58 For mentally retarded car\debug\obj
[2] = command line
[3] = dl7M_tln.a
[4] = m7M_tls.a
[5] = rt7M_tl.a
[6] = shb_l.a

  20 586 bytes of readonly  code memory
     588 bytes of readwrite code memory
   3 606 bytes of readonly  data memory
  42 323 bytes of readwrite data memory

Errors: none
Warnings: none
